[2026-06-09 14:41:01,893] 设备: cuda
[2026-06-09 14:41:01,893] 加载精灵技能数据...
[2026-06-09 14:41:01,894]   可用精灵: 150
[2026-06-09 14:41:01,922] 加载基座模型: checkpoints/formal_v1/model_rl_best.pt
[2026-06-09 14:41:02,046] 模型类型: ModularBattleNet (模块化+残差+注意力)
[2026-06-09 14:41:02,047] 模型参数量: 1,491,366
[2026-06-09 14:41:02,647] 
============================================================
[2026-06-09 14:41:02,647] RL 迭代 1/1
[2026-06-09 14:41:02,647] ============================================================
[2026-06-09 14:41:02,647] 自我博弈 (1 局, 200 sims, T=1.00, 4 workers + 批量推理)...
[2026-06-09 14:41:30,673]   完成: 41 样本, 28.0s (1 样本/s)
[2026-06-09 14:41:30,674]   结果分布: 本方赢=21  本方输=20  平=0
[2026-06-09 14:41:30,674]   终局原因(局): decisive_a=1
[2026-06-09 14:41:30,674]   回放缓冲: 41 样本 (本轮 +41)
[2026-06-09 14:41:30,674] 训练 (1 epochs)...
[2026-06-09 14:41:30,811]   完成: 0.1s
[2026-06-09 14:41:30,831]   检查点已保存: checkpoints/speed_200sim_1game_gpu/model_rl_iter1.pt
[2026-06-09 14:41:30,844] 
最终模型（最优）: checkpoints/speed_200sim_1game_gpu/model_rl.pt
[2026-06-09 14:41:30,845]   对局技能日志: backend\engine\ai\log\speed_200sim_1game_gpu\battles_run_20260609_144101.jsonl
