[2026-06-09 13:41:55,610] 设备: cpu
[2026-06-09 13:41:55,610] 加载精灵技能数据...
[2026-06-09 13:41:55,613]   可用精灵: 150
[2026-06-09 13:41:55,709] 加载基座模型: checkpoints/formal_v1/model_rl_best.pt
[2026-06-09 13:41:55,758] 模型类型: ModularBattleNet (模块化+残差+注意力)
[2026-06-09 13:41:55,758] 模型参数量: 1,491,366
[2026-06-09 13:41:56,992] 
============================================================
[2026-06-09 13:41:56,992] RL 迭代 1/1
[2026-06-09 13:41:56,992] ============================================================
[2026-06-09 13:41:56,992] 自我博弈 (200 局, 200 sims, T=1.00, 10 workers + 批量推理)...
[2026-06-09 14:15:27,347]   完成: 5346 样本, 2010.4s (3 样本/s)
[2026-06-09 14:15:27,347]   结果分布: 本方赢=2646  本方输=2700  平=0
[2026-06-09 14:15:27,347]   终局原因(局): decisive_a=108  decisive_b=91  max_turns_a=1
[2026-06-09 14:15:27,391]   回放缓冲: 5346 样本 (本轮 +5346)
[2026-06-09 14:15:27,392] 训练 (1 epochs)...
[2026-06-09 14:16:38,858]   完成: 71.5s
[2026-06-09 14:16:38,872]   检查点已保存: checkpoints/profile_200sim_1it_200games_cpu/model_rl_iter1.pt
[2026-06-09 14:16:38,885] 
最终模型（最优）: checkpoints/profile_200sim_1it_200games_cpu/model_rl.pt
[2026-06-09 14:16:38,886]   对局技能日志: backend\engine\ai\log\profile_200sim_1it_200games_cpu\battles_run_20260609_134155.jsonl
