[2026-06-06 20:41:35,800] 设备: cuda
[2026-06-06 20:41:35,800] 加载精灵技能数据...
[2026-06-06 20:41:35,803]   可用精灵: 150
[2026-06-06 20:41:35,830] 加载模型: checkpoints/formal_v1/model_rl_iter13.pt
[2026-06-06 20:41:35,939] 模型类型: ModularBattleNet (模块化+残差+注意力)
[2026-06-06 20:41:35,939] 模型参数量: 1,491,366
[2026-06-06 20:41:36,945] 
============================================================
[2026-06-06 20:41:36,945] RL 迭代 1/20
[2026-06-06 20:41:36,945] ============================================================
[2026-06-06 20:41:36,945]   镜像迭代：全部对局使用相同阵容
[2026-06-06 20:41:36,945] 自我博弈 (100 局, 50 sims, T=1.00, 32 workers + 批量推理)...
[2026-06-06 20:54:33,301]   完成: 4058 样本, 776.4s (5 样本/s)
[2026-06-06 20:54:33,302]   结果分布: 本方赢=2022  本方输=2036  平=0
[2026-06-06 20:54:33,302]   终局原因(局): decisive_a=45  decisive_b=49  timeout=6
[2026-06-06 20:54:33,328]   回放缓冲: 4058 样本 (本轮 +4058)
[2026-06-06 20:54:33,328] 训练 (10 epochs)...
[2026-06-06 20:55:03,620]   完成: 30.3s
[2026-06-06 21:01:19,937]   候选胜率: 60.00%  (376.3s)
[2026-06-06 21:01:19,961]   ✓ 候选晋升为新最优，已保存: checkpoints/formal_v1/model_rl_best.pt
[2026-06-06 21:01:19,978]   检查点已保存: checkpoints/formal_v1/model_rl_iter1.pt
[2026-06-06 21:01:19,979] 
============================================================
[2026-06-06 21:01:19,979] RL 迭代 2/20
[2026-06-06 21:01:19,979] ============================================================
[2026-06-06 21:01:19,979]   镜像迭代：全部对局使用相同阵容
[2026-06-06 21:01:19,979] 自我博弈 (100 局, 50 sims, T=0.90, 32 workers + 批量推理)...
[2026-06-06 21:15:21,842]   完成: 2984 样本, 841.9s (4 样本/s)
[2026-06-06 21:15:21,843]   结果分布: 本方赢=1493  本方输=1491  平=0
[2026-06-06 21:15:21,843]   终局原因(局): decisive_a=40  decisive_b=50  timeout=10
[2026-06-06 21:15:21,869]   回放缓冲: 7042 样本 (本轮 +2984)
[2026-06-06 21:15:21,870] 训练 (10 epochs)...
[2026-06-06 21:16:13,770]   完成: 51.9s
[2026-06-06 21:23:52,195]   候选胜率: 70.00%  (458.4s)
[2026-06-06 21:23:52,233]   ✓ 候选晋升为新最优，已保存: checkpoints/formal_v1/model_rl_best.pt
[2026-06-06 21:23:52,257]   检查点已保存: checkpoints/formal_v1/model_rl_iter2.pt
[2026-06-06 21:23:52,258] 
============================================================
[2026-06-06 21:23:52,258] RL 迭代 3/20
[2026-06-06 21:23:52,258] ============================================================
[2026-06-06 21:23:52,258]   镜像迭代：全部对局使用相同阵容
[2026-06-06 21:23:52,258] 自我博弈 (100 局, 50 sims, T=0.81, 32 workers + 批量推理)...
[2026-06-06 21:35:10,326]   完成: 3028 样本, 678.1s (4 样本/s)
[2026-06-06 21:35:10,326]   结果分布: 本方赢=1517  本方输=1511  平=0
[2026-06-06 21:35:10,327]   终局原因(局): decisive_a=56  decisive_b=36  timeout=8
[2026-06-06 21:35:10,353]   回放缓冲: 10000 样本 (本轮 +3028)
[2026-06-06 21:35:10,354] 训练 (10 epochs)...
[2026-06-06 21:36:18,950]   完成: 68.6s
[2026-06-06 21:44:00,733]   候选胜率: 35.00%  (461.8s)
[2026-06-06 21:44:00,742]   ✗ 未达门控阈值，回滚到最优模型
[2026-06-06 21:44:00,768]   检查点已保存: checkpoints/formal_v1/model_rl_iter3.pt
[2026-06-06 21:44:00,768] 
============================================================
[2026-06-06 21:44:00,769] RL 迭代 4/20
[2026-06-06 21:44:00,769] ============================================================
[2026-06-06 21:44:00,769]   镜像迭代：全部对局使用相同阵容
[2026-06-06 21:44:00,769] 自我博弈 (100 局, 50 sims, T=0.73, 32 workers + 批量推理)...
