[2026-06-06 16:25:38,210] 设备: cuda
[2026-06-06 16:25:38,210] 加载精灵技能数据...
[2026-06-06 16:25:38,211]   可用精灵: 150
[2026-06-06 16:25:38,335] 模型类型: ModularBattleNet (模块化+残差+注意力)
[2026-06-06 16:25:38,336] 模型参数量: 1,491,366
[2026-06-06 16:25:38,961] 
============================================================
[2026-06-06 16:25:38,961] RL 迭代 1/20
[2026-06-06 16:25:38,961] ============================================================
[2026-06-06 16:25:38,961]   镜像迭代：全部对局使用相同阵容
[2026-06-06 16:25:38,961] 自我博弈 (100 局, 50 sims, T=1.00, 32 workers + 批量推理)...
[2026-06-06 16:37:38,092]   完成: 3588 样本, 719.1s (5 样本/s)
[2026-06-06 16:37:38,093]   结果分布: 本方赢=1774  本方输=1814  平=0
[2026-06-06 16:37:38,094]   终局原因(局): decisive_a=50  decisive_b=38  timeout=12
[2026-06-06 16:37:38,112]   回放缓冲: 3588 样本 (本轮 +3588)
[2026-06-06 16:37:38,112] 训练 (10 epochs)...
[2026-06-06 16:37:53,442]   完成: 15.3s
[2026-06-06 16:43:49,684]   候选胜率: 55.00%  (356.2s)
[2026-06-06 16:43:49,707]   ✓ 候选晋升为新最优，已保存: checkpoints/formal_v1/model_rl_best.pt
[2026-06-06 16:43:49,720]   检查点已保存: checkpoints/formal_v1/model_rl_iter1.pt
[2026-06-06 16:43:49,720] 
============================================================
[2026-06-06 16:43:49,720] RL 迭代 2/20
[2026-06-06 16:43:49,720] ============================================================
[2026-06-06 16:43:49,720]   镜像迭代：全部对局使用相同阵容
[2026-06-06 16:43:49,720] 自我博弈 (100 局, 50 sims, T=0.90, 32 workers + 批量推理)...
[2026-06-06 16:55:34,201]   完成: 4391 样本, 704.5s (6 样本/s)
[2026-06-06 16:55:34,202]   结果分布: 本方赢=2165  本方输=2226  平=0
[2026-06-06 16:55:34,202]   终局原因(局): decisive_a=46  decisive_b=48  timeout=6
[2026-06-06 16:55:34,224]   回放缓冲: 7979 样本 (本轮 +4391)
[2026-06-06 16:55:34,224] 训练 (10 epochs)...
[2026-06-06 16:56:07,482]   完成: 33.3s
[2026-06-06 17:03:50,625]   候选胜率: 55.00%  (463.1s)
[2026-06-06 17:03:50,646]   ✓ 候选晋升为新最优，已保存: checkpoints/formal_v1/model_rl_best.pt
[2026-06-06 17:03:50,661]   检查点已保存: checkpoints/formal_v1/model_rl_iter2.pt
[2026-06-06 17:03:50,661] 
============================================================
[2026-06-06 17:03:50,661] RL 迭代 3/20
[2026-06-06 17:03:50,661] ============================================================
[2026-06-06 17:03:50,661]   镜像迭代：全部对局使用相同阵容
[2026-06-06 17:03:50,661] 自我博弈 (100 局, 50 sims, T=0.81, 32 workers + 批量推理)...
[2026-06-06 17:17:56,227]   完成: 3586 样本, 845.6s (4 样本/s)
[2026-06-06 17:17:56,229]   结果分布: 本方赢=1795  本方输=1791  平=0
[2026-06-06 17:17:56,229]   终局原因(局): decisive_a=52  decisive_b=33  timeout=15
[2026-06-06 17:17:56,260]   回放缓冲: 10000 样本 (本轮 +3586)
[2026-06-06 17:17:56,260] 训练 (10 epochs)...
[2026-06-06 17:18:38,960]   完成: 42.7s
[2026-06-06 17:26:25,181]   候选胜率: 65.00%  (466.2s)
[2026-06-06 17:26:25,212]   ✓ 候选晋升为新最优，已保存: checkpoints/formal_v1/model_rl_best.pt
[2026-06-06 17:26:25,238]   检查点已保存: checkpoints/formal_v1/model_rl_iter3.pt
[2026-06-06 17:26:25,238] 
============================================================
[2026-06-06 17:26:25,238] RL 迭代 4/20
[2026-06-06 17:26:25,240] ============================================================
[2026-06-06 17:26:25,240]   镜像迭代：全部对局使用相同阵容
[2026-06-06 17:26:25,240] 自我博弈 (100 局, 50 sims, T=0.73, 32 workers + 批量推理)...
[2026-06-06 17:38:11,754]   完成: 2512 样本, 706.5s (4 样本/s)
[2026-06-06 17:38:11,755]   结果分布: 本方赢=1257  本方输=1255  平=0
[2026-06-06 17:38:11,756]   终局原因(局): decisive_a=46  decisive_b=41  timeout=13
[2026-06-06 17:38:11,776]   回放缓冲: 10000 样本 (本轮 +2512)
[2026-06-06 17:38:11,776] 训练 (10 epochs)...
[2026-06-06 17:38:54,494]   完成: 42.7s
[2026-06-06 17:46:31,303]   候选胜率: 52.50%  (456.8s)
[2026-06-06 17:46:31,313]   ✗ 未达门控阈值，回滚到最优模型
[2026-06-06 17:46:31,340]   检查点已保存: checkpoints/formal_v1/model_rl_iter4.pt
[2026-06-06 17:46:31,340] 
============================================================
[2026-06-06 17:46:31,340] RL 迭代 5/20
[2026-06-06 17:46:31,341] ============================================================
[2026-06-06 17:46:31,341] 
  [Phase Shift] 镜像迭代结束，切换数据分布，执行学习率预热 (Warmup)
  当前 LR 拉升至 8.00e-04

[2026-06-06 17:46:31,341] 自我博弈 (100 局, 50 sims, T=0.66, 32 workers + 批量推理)...
[2026-06-06 17:56:14,287]   完成: 2760 样本, 582.9s (5 样本/s)
[2026-06-06 17:56:14,288]   结果分布: 本方赢=1364  本方输=1396  平=0
[2026-06-06 17:56:14,288]   终局原因(局): decisive_a=50  decisive_b=47  timeout=3
[2026-06-06 17:56:14,311]   回放缓冲: 10000 样本 (本轮 +2760)
[2026-06-06 17:56:14,312] 训练 (10 epochs)...
[2026-06-06 17:57:02,324]   完成: 48.0s
[2026-06-06 18:04:45,651]   候选胜率: 42.50%  (463.3s)
[2026-06-06 18:04:45,659]   ✗ 未达门控阈值，回滚到最优模型
[2026-06-06 18:04:45,685]   检查点已保存: checkpoints/formal_v1/model_rl_iter5.pt
[2026-06-06 18:04:45,685] 
============================================================
[2026-06-06 18:04:45,685] RL 迭代 6/20
[2026-06-06 18:04:45,685] ============================================================
[2026-06-06 18:04:45,685] 自我博弈 (100 局, 50 sims, T=0.59, 32 workers + 批量推理)...
[2026-06-06 18:14:29,671]   完成: 2709 样本, 584.0s (5 样本/s)
[2026-06-06 18:14:29,672]   结果分布: 本方赢=1342  本方输=1367  平=0
[2026-06-06 18:14:29,672]   终局原因(局): decisive_a=45  decisive_b=53  timeout=2
[2026-06-06 18:14:29,694]   回放缓冲: 10000 样本 (本轮 +2709)
[2026-06-06 18:14:29,694] 训练 (10 epochs)...
[2026-06-06 18:15:17,102]   完成: 47.4s
[2026-06-06 18:23:02,666]   候选胜率: 60.00%  (465.6s)
[2026-06-06 18:23:02,700]   ✓ 候选晋升为新最优，已保存: checkpoints/formal_v1/model_rl_best.pt
[2026-06-06 18:23:02,727]   检查点已保存: checkpoints/formal_v1/model_rl_iter6.pt
[2026-06-06 18:23:02,727] 
============================================================
[2026-06-06 18:23:02,727] RL 迭代 7/20
[2026-06-06 18:23:02,728] ============================================================
[2026-06-06 18:23:02,728] 自我博弈 (100 局, 50 sims, T=0.53, 32 workers + 批量推理)...
[2026-06-06 18:33:20,197]   完成: 2994 样本, 617.5s (5 样本/s)
[2026-06-06 18:33:20,197]   结果分布: 本方赢=1501  本方输=1493  平=0
[2026-06-06 18:33:20,197]   终局原因(局): decisive_a=58  decisive_b=41  timeout=1
[2026-06-06 18:33:20,226]   回放缓冲: 10000 样本 (本轮 +2994)
[2026-06-06 18:33:20,226] 训练 (10 epochs)...
[2026-06-06 18:34:08,360]   完成: 48.1s
[2026-06-06 18:41:53,795]   候选胜率: 50.00%  (465.4s)
[2026-06-06 18:41:53,805]   ✗ 未达门控阈值，回滚到最优模型
[2026-06-06 18:41:53,834]   检查点已保存: checkpoints/formal_v1/model_rl_iter7.pt
[2026-06-06 18:41:53,835] 
============================================================
[2026-06-06 18:41:53,835] RL 迭代 8/20
[2026-06-06 18:41:53,835] ============================================================
[2026-06-06 18:41:53,835] 自我博弈 (100 局, 50 sims, T=0.48, 32 workers + 批量推理)...
[2026-06-06 18:50:43,349]   完成: 2598 样本, 529.5s (5 样本/s)
[2026-06-06 18:50:43,349]   结果分布: 本方赢=1321  本方输=1277  平=0
[2026-06-06 18:50:43,349]   终局原因(局): decisive_a=47  decisive_b=52  timeout=1
[2026-06-06 18:50:43,372]   回放缓冲: 10000 样本 (本轮 +2598)
[2026-06-06 18:50:43,372] 训练 (10 epochs)...
[2026-06-06 18:51:30,794]   完成: 47.4s
[2026-06-06 18:59:09,481]   候选胜率: 70.00%  (458.7s)
[2026-06-06 18:59:09,500]   ✓ 候选晋升为新最优，已保存: checkpoints/formal_v1/model_rl_best.pt
[2026-06-06 18:59:09,515]   检查点已保存: checkpoints/formal_v1/model_rl_iter8.pt
[2026-06-06 18:59:09,515] 
============================================================
[2026-06-06 18:59:09,515] RL 迭代 9/20
[2026-06-06 18:59:09,515] ============================================================
[2026-06-06 18:59:09,515] 自我博弈 (100 局, 50 sims, T=0.43, 32 workers + 批量推理)...
[2026-06-06 19:06:46,916]   完成: 2835 样本, 457.4s (6 样本/s)
[2026-06-06 19:06:46,917]   结果分布: 本方赢=1316  本方输=1314  平=205
[2026-06-06 19:06:46,917]   终局原因(局): decisive_a=48  decisive_b=50  max_turns_draw=1  timeout=1
[2026-06-06 19:06:46,930]   回放缓冲: 10000 样本 (本轮 +2835)
[2026-06-06 19:06:46,931] 训练 (10 epochs)...
[2026-06-06 19:07:27,969]   完成: 41.0s
[2026-06-06 19:15:10,264]   候选胜率: 52.50%  (462.3s)
[2026-06-06 19:15:10,272]   ✗ 未达门控阈值，回滚到最优模型
[2026-06-06 19:15:10,301]   检查点已保存: checkpoints/formal_v1/model_rl_iter9.pt
[2026-06-06 19:15:10,301] 
============================================================
[2026-06-06 19:15:10,301] RL 迭代 10/20
[2026-06-06 19:15:10,303] ============================================================
[2026-06-06 19:15:10,303] 自我博弈 (100 局, 50 sims, T=0.39, 32 workers + 批量推理)...
[2026-06-06 19:23:10,799]   完成: 2672 样本, 480.5s (6 样本/s)
[2026-06-06 19:23:10,801]   结果分布: 本方赢=1353  本方输=1319  平=0
[2026-06-06 19:23:10,801]   终局原因(局): decisive_a=58  decisive_b=41  timeout=1
[2026-06-06 19:23:10,824]   回放缓冲: 10000 样本 (本轮 +2672)
[2026-06-06 19:23:10,824] 训练 (10 epochs)...
[2026-06-06 19:23:54,971]   完成: 44.1s
[2026-06-06 19:31:10,293]   候选胜率: 50.00%  (435.3s)
[2026-06-06 19:31:10,302]   ✗ 未达门控阈值，回滚到最优模型
[2026-06-06 19:31:10,331]   检查点已保存: checkpoints/formal_v1/model_rl_iter10.pt
[2026-06-06 19:31:10,331] 
============================================================
[2026-06-06 19:31:10,332] RL 迭代 11/20
[2026-06-06 19:31:10,332] ============================================================
[2026-06-06 19:31:10,332] 自我博弈 (100 局, 50 sims, T=0.35, 32 workers + 批量推理)...
[2026-06-06 19:39:45,992]   完成: 2690 样本, 515.7s (5 样本/s)
[2026-06-06 19:39:45,993]   结果分布: 本方赢=1353  本方输=1337  平=0
[2026-06-06 19:39:45,993]   终局原因(局): decisive_a=48  decisive_b=50  timeout=2
[2026-06-06 19:39:46,016]   回放缓冲: 10000 样本 (本轮 +2690)
[2026-06-06 19:39:46,016] 训练 (10 epochs)...
[2026-06-06 19:40:34,577]   完成: 48.6s
[2026-06-06 19:48:16,725]   候选胜率: 50.00%  (462.1s)
[2026-06-06 19:48:16,738]   ✗ 未达门控阈值，回滚到最优模型
[2026-06-06 19:48:16,767]   检查点已保存: checkpoints/formal_v1/model_rl_iter11.pt
[2026-06-06 19:48:16,767] 
============================================================
[2026-06-06 19:48:16,767] RL 迭代 12/20
[2026-06-06 19:48:16,767] ============================================================
[2026-06-06 19:48:16,767] 自我博弈 (100 局, 50 sims, T=0.31, 32 workers + 批量推理)...
[2026-06-06 19:58:31,246]   完成: 2166 样本, 614.5s (4 样本/s)
[2026-06-06 19:58:31,247]   结果分布: 本方赢=1088  本方输=1078  平=0
[2026-06-06 19:58:31,247]   终局原因(局): decisive_a=45  decisive_b=54  timeout=1
[2026-06-06 19:58:31,267]   回放缓冲: 10000 样本 (本轮 +2166)
[2026-06-06 19:58:31,267] 训练 (10 epochs)...
[2026-06-06 19:59:15,787]   完成: 44.5s
[2026-06-06 20:06:57,429]   候选胜率: 45.00%  (461.6s)
[2026-06-06 20:06:57,440]   ✗ 未达门控阈值，回滚到最优模型
[2026-06-06 20:06:57,469]   检查点已保存: checkpoints/formal_v1/model_rl_iter12.pt
[2026-06-06 20:06:57,470] 
============================================================
[2026-06-06 20:06:57,470] RL 迭代 13/20
[2026-06-06 20:06:57,470] ============================================================
[2026-06-06 20:06:57,470] 自我博弈 (100 局, 50 sims, T=0.28, 32 workers + 批量推理)...
[2026-06-06 20:14:43,190]   完成: 2519 样本, 465.7s (5 样本/s)
[2026-06-06 20:14:43,191]   结果分布: 本方赢=1272  本方输=1247  平=0
[2026-06-06 20:14:43,191]   终局原因(局): decisive_a=54  decisive_b=45  timeout=1
[2026-06-06 20:14:43,212]   回放缓冲: 10000 样本 (本轮 +2519)
[2026-06-06 20:14:43,213] 训练 (10 epochs)...
[2026-06-06 20:15:48,746]   完成: 65.5s
[2026-06-06 20:23:35,479]   候选胜率: 65.00%  (466.7s)
[2026-06-06 20:23:35,512]   ✓ 候选晋升为新最优，已保存: checkpoints/formal_v1/model_rl_best.pt
[2026-06-06 20:23:35,537]   检查点已保存: checkpoints/formal_v1/model_rl_iter13.pt
[2026-06-06 20:23:35,537] 
============================================================
[2026-06-06 20:23:35,537] RL 迭代 14/20
[2026-06-06 20:23:35,537] ============================================================
[2026-06-06 20:23:35,538] 自我博弈 (100 局, 50 sims, T=0.25, 32 workers + 批量推理)...
