[2026-06-09 14:32:30,049] 设备: cuda
[2026-06-09 14:32:30,049] 加载精灵技能数据...
[2026-06-09 14:32:30,053]   可用精灵: 150
[2026-06-09 14:32:30,085] 加载基座模型: checkpoints/formal_v1/model_rl_best.pt
[2026-06-09 14:32:30,202] 模型类型: ModularBattleNet (模块化+残差+注意力)
[2026-06-09 14:32:30,202] 模型参数量: 1,491,366
[2026-06-09 14:32:35,748] 
============================================================
[2026-06-09 14:32:35,748] RL 迭代 1/1
[2026-06-09 14:32:35,748] ============================================================
[2026-06-09 14:32:35,748] 自我博弈 (10 局, 64 sims, T=1.00, 4 workers + 批量推理)...
[2026-06-09 14:32:58,408]   完成: 327 样本, 22.7s (14 样本/s)
[2026-06-09 14:32:58,408]   结果分布: 本方赢=158  本方输=169  平=0
[2026-06-09 14:32:58,408]   终局原因(局): decisive_a=5  decisive_b=5
[2026-06-09 14:32:58,411]   回放缓冲: 327 样本 (本轮 +327)
[2026-06-09 14:32:58,411] 训练 (1 epochs)...
[2026-06-09 14:32:58,638]   完成: 0.2s
[2026-06-09 14:32:58,653]   检查点已保存: checkpoints/gpu_batch_queue_smoke/model_rl_iter1.pt
[2026-06-09 14:32:58,665] 
最终模型（最优）: checkpoints/gpu_batch_queue_smoke/model_rl.pt
[2026-06-09 14:32:58,666]   对局技能日志: backend\engine\ai\log\gpu_batch_queue_smoke\battles_run_20260609_143230.jsonl
