[2026-06-11 19:52:36,017] 设备: cuda
[2026-06-11 19:52:36,017] 加载精灵技能数据...
[2026-06-11 19:52:36,020]   可用精灵: 150
[2026-06-11 19:52:36,157] 模型类型: ModularBattleNet (模块化+残差+注意力)
[2026-06-11 19:52:36,158] 模型参数量: 1,491,366
[2026-06-11 19:52:41,756] 
============================================================
[2026-06-11 19:52:41,756] RL 迭代 1/20
[2026-06-11 19:52:41,756] ============================================================
[2026-06-11 19:52:41,756] 自我博弈 (200 局, 200 sims, T=1.00, 4 workers + 批量推理)...
[2026-06-11 20:44:38,285]   完成: 10301 样本, 3116.5s (3 样本/s)
[2026-06-11 20:44:38,285]   结果分布: 本方赢=5288  本方输=5013  平=0
[2026-06-11 20:44:38,285]   终局原因(局): decisive_a=103  decisive_b=97
[2026-06-11 20:44:38,379]   回放缓冲: 10301 样本 (本轮 +10301)
[2026-06-11 20:44:38,379] 训练 (5 epochs)...
[2026-06-11 20:44:57,736]   完成: 19.4s
[2026-06-11 20:56:06,231]   候选胜率: 55.00%  (668.5s)
[2026-06-11 20:56:06,260]   ✓ 候选晋升为新最优，已保存: checkpoints/speed_current_big_200sim_200games/model_rl_best.pt
[2026-06-11 20:56:06,273]   检查点已保存: checkpoints/speed_current_big_200sim_200games/model_rl_iter1.pt
[2026-06-11 20:56:06,273] 
============================================================
[2026-06-11 20:56:06,273] RL 迭代 2/20
[2026-06-11 20:56:06,273] ============================================================
[2026-06-11 20:56:06,273] 自我博弈 (200 局, 200 sims, T=0.90, 4 workers + 批量推理)...
